// Jest Snapshot v1, https://goo.gl/fbAQLP

exports[`core/footnotes block edit matches snapshot 1`] = `null`;
